// Jest Snapshot v1, https://goo.gl/fbAQLP

exports[`MemberIcon 1`] = `
<div
  className="member-icon"
  onClick={[Function]}
>
  D
</div>
`;
